===== START 05/01/2026 12:58:11,77 =====
C:\Python312\python.exe
C:\Users\maria\AppData\Local\Microsoft\WindowsApps\python.exe
Python 3.12.6
[launcher] Starting API...
Traceback (most recent call last):
  File "C:\Users\maria\Documents\GitHub\TFG-MariaPicazoSanchez\launcher.py", line 253, in <module>
    main()
  File "C:\Users\maria\Documents\GitHub\TFG-MariaPicazoSanchez\launcher.py", line 249, in main
    start_processes()
  File "C:\Users\maria\Documents\GitHub\TFG-MariaPicazoSanchez\launcher.py", line 159, in start_processes
    env=env_app,
        ^^^^^^^
UnboundLocalError: cannot access local variable 'env_app' where it is not associated with a value
===== END 05/01/2026 12:58:12,03 =====
===== START 05/01/2026 12:59:17,46 =====
C:\Python312\python.exe
C:\Users\maria\AppData\Local\Microsoft\WindowsApps\python.exe
Python 3.12.6
object address  : 0000020A29C5E3E0
object refcount : 3
object type     : 00007FFE587EAFD0
object type name: UnboundLocalError
object repr     : UnboundLocalError("cannot access local variable 'env_app' where it is not associated with a value")
lost sys.stderr
===== END 05/01/2026 12:59:17,75 =====
===== START 05/01/2026 13:00:31,90 =====
C:\Python312\python.exe
C:\Users\maria\AppData\Local\Microsoft\WindowsApps\python.exe
Python 3.12.6
object address  : 0000012DE868E3E0
object refcount : 3
object type     : 00007FFE587EAFD0
object type name: UnboundLocalError
object repr     : UnboundLocalError("cannot access local variable 'env_app' where it is not associated with a value")
lost sys.stderr
===== END 05/01/2026 13:00:32,16 =====
===== START 05/01/2026 13:04:30,84 =====
C:\Python312\python.exe
C:\Users\maria\AppData\Local\Microsoft\WindowsApps\python.exe
Python 3.12.6
===== END 05/01/2026 13:04:31,15 =====
===== START 05/01/2026 13:13:48,11 =====
C:\Python312\python.exe
C:\Users\maria\AppData\Local\Microsoft\WindowsApps\python.exe
Python 3.12.6
^C